// Vitest Snapshot v1

exports[`HeroSection > mounts and is still the same 1`] = `
"<div class=\\"flex items-center justify-center h-[70vh] mx-4 md:mt-0\\">
  <div class=\\"flex flex-col\\">
    <div class=\\"text-center\\">
      <h1 class=\\"text-6xl md:text-8xl text-SideBase-green font-bold\\"> sidebase </h1>
      <h2 class=\\"text-2xl text-gray-400 font-CooperHewitt font-light\\"> sidebase is a modern, best-practice, batteries-included <br> fullstack-app starter based on <a href=\\"https://v3.nuxtjs.org/\\" target=\\"_blank\\" class=\\"text-SideBase-green underline\\">Nuxt3</a> and <a href=\\"https://www.typescriptlang.org/\\" target=\\"_blank\\" class=\\"text-SideBase-green underline\\">TypeScript.</a></h2>
      <div class=\\"flex items-center gap-3 w-full justify-center mt-8\\"><a href=\\"https://github.com/sidestream-tech/sidebase\\" target=\\"_blank\\"><button class=\\"p-button p-component p-button-outlined\\" type=\\"button\\">
            <!----><span class=\\"pi pi-star p-button-icon p-button-icon-left\\"></span><span class=\\"p-button-label\\">Star on Github</span>
            <!---->
          </button></a><a class=\\"hidden md:block\\" href=\\"https://github.com/sidestream-tech/sidebase/generate\\" target=\\"_blank\\"><button class=\\"p-button p-component\\" type=\\"button\\">
            <!----><span class=\\"pi pi-flag p-button-icon p-button-icon-left\\"></span><span class=\\"p-button-label\\">Use starter template</span>
            <!---->
          </button></a></div>
    </div>
    <div class=\\"hidden lg:block max-w-6xl mx-auto mt-20\\">
      <div id=\\"pv_id_1\\" class=\\"p-carousel p-component p-carousel-horizontal\\">
        <!---->
        <div class=\\"p-carousel-content\\">
          <div class=\\"p-carousel-container\\"><button class=\\"p-carousel-prev p-link\\" type=\\"button\\"><span class=\\"p-carousel-prev-icon pi pi-chevron-left\\"></span></button>
            <div class=\\"p-carousel-items-content\\" style=\\"height: auto;\\">
              <div class=\\"p-carousel-items-container\\">
                <div class=\\"p-carousel-item p-carousel-item-cloned p-carousel-item-start p-carousel-item-end\\">
                  <div class=\\"w-full py-10\\">
                    <div class=\\"text-center py-6 text-xl lg:text-2xl text-SideBase-green\\"> \\"Beautiful work on sidebase!\\" </div>
                    <div class=\\"flex items-center space-x-3 mx-auto w-max\\">
                      <div class=\\"p-avatar p-component p-avatar-image p-avatar-circle p-avatar-lg\\"><img src=\\"https://avatars.githubusercontent.com/u/904724?v=4\\"></div>
                      <div>
                        <h1 class=\\"font-bold text-lg\\">Atinux <a class=\\"font-bold underline text-SideBase-green ml-0.5 pt-2\\" href=\\"https://twitter.com/Atinux\\" target=\\"_blank\\"><i class=\\"pi pi-twitter\\" style=\\"font-size: 1.1rem;\\"></i></a></h1>
                        <p class=\\"text-sm opacity-75\\">CEO of NuxtJS</p>
                      </div>
                    </div>
                  </div>
                </div>
                <div class=\\"p-carousel-item\\">
                  <div class=\\"w-full py-10\\">
                    <div class=\\"text-center py-6 text-xl lg:text-2xl text-SideBase-green\\"> \\"Been following this issue/project for a few weeks now - this is fantastic, and also a project extremely close to my interest!\\" </div>
                    <div class=\\"flex items-center space-x-3 mx-auto w-max\\">
                      <div class=\\"p-avatar p-component p-avatar-image p-avatar-circle p-avatar-lg\\"><img src=\\"https://avatars.githubusercontent.com/u/56732164?v=4\\"></div>
                      <div>
                        <h1 class=\\"font-bold text-lg\\">ineshbose
                          <!--v-if-->
                        </h1>
                        <p class=\\"text-sm opacity-75\\"></p>
                      </div>
                    </div>
                  </div>
                </div>
                <div class=\\"p-carousel-item\\">
                  <div class=\\"w-full py-10\\">
                    <div class=\\"text-center py-6 text-xl lg:text-2xl text-SideBase-green\\"> \\"Just put my start, the template looks awesome!\\" </div>
                    <div class=\\"flex items-center space-x-3 mx-auto w-max\\">
                      <div class=\\"p-avatar p-component p-avatar-image p-avatar-circle p-avatar-lg\\"><img src=\\"https://pbs.twimg.com/profile_images/1364816201646563335/TF8owRfC_400x400.png\\"></div>
                      <div>
                        <h1 class=\\"font-bold text-lg\\">elbrujo <a class=\\"font-bold underline text-SideBase-green ml-0.5 pt-2\\" href=\\"https://twitter.com/elbrujolegal\\" target=\\"_blank\\"><i class=\\"pi pi-twitter\\" style=\\"font-size: 1.1rem;\\"></i></a></h1>
                        <p class=\\"text-sm opacity-75\\"></p>
                      </div>
                    </div>
                  </div>
                </div>
                <div class=\\"p-carousel-item\\">
                  <div class=\\"w-full py-10\\">
                    <div class=\\"text-center py-6 text-xl lg:text-2xl text-SideBase-green\\"> \\"Sidebase looks great. Awesome!\\" </div>
                    <div class=\\"flex items-center space-x-3 mx-auto w-max\\">
                      <div class=\\"p-avatar p-component p-avatar-image p-avatar-circle p-avatar-lg\\"><img src=\\"https://avatars.githubusercontent.com/u/188172?v=4\\"></div>
                      <div>
                        <h1 class=\\"font-bold text-lg\\">ManUtopiK <a class=\\"font-bold underline text-SideBase-green ml-0.5 pt-2\\" href=\\"https://twitter.com/ManUtopiK\\" target=\\"_blank\\"><i class=\\"pi pi-twitter\\" style=\\"font-size: 1.1rem;\\"></i></a></h1>
                        <p class=\\"text-sm opacity-75\\"></p>
                      </div>
                    </div>
                  </div>
                </div>
                <div class=\\"p-carousel-item\\">
                  <div class=\\"w-full py-10\\">
                    <div class=\\"text-center py-6 text-xl lg:text-2xl text-SideBase-green\\"> \\"Thanks for sharing! Nice start to explore @nuxt_js 3.\\" </div>
                    <div class=\\"flex items-center space-x-3 mx-auto w-max\\">
                      <div class=\\"p-avatar p-component p-avatar-image p-avatar-circle p-avatar-lg\\"><img src=\\"https://pbs.twimg.com/profile_images/954370626352971776/DPG_EqzI_400x400.jpg\\"></div>
                      <div>
                        <h1 class=\\"font-bold text-lg\\">anorakio <a class=\\"font-bold underline text-SideBase-green ml-0.5 pt-2\\" href=\\"https://twitter.com/anorakio\\" target=\\"_blank\\"><i class=\\"pi pi-twitter\\" style=\\"font-size: 1.1rem;\\"></i></a></h1>
                        <p class=\\"text-sm opacity-75\\"></p>
                      </div>
                    </div>
                  </div>
                </div>
                <div class=\\"p-carousel-item\\">
                  <div class=\\"w-full py-10\\">
                    <div class=\\"text-center py-6 text-xl lg:text-2xl text-SideBase-green\\"> \\"Beautiful work on sidebase!\\" </div>
                    <div class=\\"flex items-center space-x-3 mx-auto w-max\\">
                      <div class=\\"p-avatar p-component p-avatar-image p-avatar-circle p-avatar-lg\\"><img src=\\"https://avatars.githubusercontent.com/u/904724?v=4\\"></div>
                      <div>
                        <h1 class=\\"font-bold text-lg\\">Atinux <a class=\\"font-bold underline text-SideBase-green ml-0.5 pt-2\\" href=\\"https://twitter.com/Atinux\\" target=\\"_blank\\"><i class=\\"pi pi-twitter\\" style=\\"font-size: 1.1rem;\\"></i></a></h1>
                        <p class=\\"text-sm opacity-75\\">CEO of NuxtJS</p>
                      </div>
                    </div>
                  </div>
                </div>
                <div class=\\"p-carousel-item p-carousel-item-cloned p-carousel-item-active p-carousel-item-start p-carousel-item-end\\">
                  <div class=\\"w-full py-10\\">
                    <div class=\\"text-center py-6 text-xl lg:text-2xl text-SideBase-green\\"> \\"Been following this issue/project for a few weeks now - this is fantastic, and also a project extremely close to my interest!\\" </div>
                    <div class=\\"flex items-center space-x-3 mx-auto w-max\\">
                      <div class=\\"p-avatar p-component p-avatar-image p-avatar-circle p-avatar-lg\\"><img src=\\"https://avatars.githubusercontent.com/u/56732164?v=4\\"></div>
                      <div>
                        <h1 class=\\"font-bold text-lg\\">ineshbose
                          <!--v-if-->
                        </h1>
                        <p class=\\"text-sm opacity-75\\"></p>
                      </div>
                    </div>
                  </div>
                </div>
              </div>
            </div><button class=\\"p-carousel-next p-link\\" type=\\"button\\"><span class=\\"p-carousel-prev-icon pi pi-chevron-right\\"></span></button>
          </div>
          <ul class=\\"p-carousel-indicators p-reset\\">
            <li class=\\"p-carousel-indicator p-highlight\\"><button class=\\"p-link\\" type=\\"button\\"></button></li>
            <li class=\\"p-carousel-indicator\\"><button class=\\"p-link\\" type=\\"button\\"></button></li>
            <li class=\\"p-carousel-indicator\\"><button class=\\"p-link\\" type=\\"button\\"></button></li>
            <li class=\\"p-carousel-indicator\\"><button class=\\"p-link\\" type=\\"button\\"></button></li>
            <li class=\\"p-carousel-indicator\\"><button class=\\"p-link\\" type=\\"button\\"></button></li>
          </ul>
        </div>
        <!---->
      </div>
    </div>
    <div></div>
  </div>
</div>"
`;
