// Vitest Snapshot v1

exports[`Banner > mounts and is still the same 1`] = `
"<div class=\\"hidden lg:block w-full py-4 shadow bg-gray-800\\">
  <div class=\\"container mx-auto flex items-center justify-between\\">
    <div class=\\"flex items-center gap-3 text-gray-300\\"><i class=\\"pi pi-bolt\\" style=\\"font-size:2rem;margin-top:2px;\\"></i>
      <div>
        <h1 class=\\"text-lg font-bold\\"> We just released our package <span class=\\"font-mono bg-gray-700 p-1 rounded-lg\\">nuxt-sidebase-parse</span></h1>
        <p class=\\"text-xs\\"> A DX focused Nuxt3 package that simplifies data validation and parsing! </p>
      </div>
    </div><a href=\\"https://nuxt-sidebase-parse.sidebase.io/index.html\\" target=\\"_blank\\"><button class=\\"p-button p-component p-button-sm\\" type=\\"button\\">
        <!----><span class=\\"pi pi-book p-button-icon p-button-icon-left\\"></span><span class=\\"p-button-label\\">View documentation</span>
        <!---->
      </button></a>
  </div>
</div>"
`;
